D:/stm32/chassis_chassis/Src/stm32f4xx_it.c:81:6:NMI_Handler	4	static
D:/stm32/chassis_chassis/Src/stm32f4xx_it.c:96:6:HardFault_Handler	4	static
D:/stm32/chassis_chassis/Src/stm32f4xx_it.c:111:6:MemManage_Handler	4	static
D:/stm32/chassis_chassis/Src/stm32f4xx_it.c:126:6:BusFault_Handler	4	static
D:/stm32/chassis_chassis/Src/stm32f4xx_it.c:141:6:UsageFault_Handler	4	static
D:/stm32/chassis_chassis/Src/stm32f4xx_it.c:156:6:DebugMon_Handler	4	static
D:/stm32/chassis_chassis/Src/stm32f4xx_it.c:176:6:EXTI3_IRQHandler	8	static
D:/stm32/chassis_chassis/Src/stm32f4xx_it.c:190:6:EXTI4_IRQHandler	8	static
D:/stm32/chassis_chassis/Src/stm32f4xx_it.c:204:6:CAN1_RX0_IRQHandler	8	static
D:/stm32/chassis_chassis/Src/stm32f4xx_it.c:218:6:EXTI9_5_IRQHandler	8	static
D:/stm32/chassis_chassis/Src/stm32f4xx_it.c:234:6:TIM2_IRQHandler	8	static
D:/stm32/chassis_chassis/Src/stm32f4xx_it.c:248:6:USART1_IRQHandler	8	static
D:/stm32/chassis_chassis/Src/stm32f4xx_it.c:262:6:USART3_IRQHandler	8	static
D:/stm32/chassis_chassis/Src/stm32f4xx_it.c:276:6:DMA2_Stream1_IRQHandler	8	static
D:/stm32/chassis_chassis/Src/stm32f4xx_it.c:290:6:CAN2_RX0_IRQHandler	8	static
D:/stm32/chassis_chassis/Src/stm32f4xx_it.c:304:6:DMA2_Stream5_IRQHandler	8	static
D:/stm32/chassis_chassis/Src/stm32f4xx_it.c:318:6:DMA2_Stream6_IRQHandler	8	static
D:/stm32/chassis_chassis/Src/stm32f4xx_it.c:332:6:DMA2_Stream7_IRQHandler	8	static
D:/stm32/chassis_chassis/Src/stm32f4xx_it.c:346:6:USART6_IRQHandler	8	static
D:/stm32/chassis_chassis/Src/stm32f4xx_it.c:363:6:USER_UART_RxIdleCallback	24	static
