D:/stm32/chassis_chassis/Components/Devices/BMI088driver.c:96:6:BMI088_Init	16	static
D:/stm32/chassis_chassis/Components/Devices/BMI088driver.c:104:9:BMI088_init	16	static
D:/stm32/chassis_chassis/Components/Devices/BMI088driver.c:118:6:Calibrate_MPU_Offset	24	static
D:/stm32/chassis_chassis/Components/Devices/BMI088driver.c:147:9:bmi088_accel_init	8	static
D:/stm32/chassis_chassis/Components/Devices/BMI088driver.c:193:9:bmi088_gyro_init	8	static
D:/stm32/chassis_chassis/Components/Devices/BMI088driver.c:235:6:BMI088_Read	16	static
D:/stm32/chassis_chassis/Components/Devices/BMI088driver.c:285:13:BMI088_write_single_reg	16	static
D:/stm32/chassis_chassis/Components/Devices/BMI088driver.c:291:13:BMI088_read_single_reg	16	static
D:/stm32/chassis_chassis/Components/Devices/BMI088driver.c:310:13:BMI088_read_muli_reg	16	static
